****************************************
Report : qor
	-summary
Design : caravel
Version: U-2022.12-SP5
Date   : Tue Nov  7 13:49:00 2023
****************************************

  Summary of timing violations
  -----------------------------------------------------------------------------
  Setup WNS:   -5.1955  TNS:    -10.1385  Number of Violating Paths:      4
  No hold violations found
  -----------------------------------------------------------------------------

  Area
  ---------------------------------------------
  Net Interconnect area:                 0.0000
  Total cell area:                 8384048.0000
  Design Area:                     8384048.0000
  ---------------------------------------------


  Cell & Pin Count
  ---------------------------------------------
  Pin Count:                             118066
  Hierarchical Cell Count:                   52
  Hierarchical Port Count:                 2544
  Leaf Cell Count:                        36612
  ---------------------------------------------


  Design Rule Violations
  ---------------------------------------------
  Total No. of Pins in Design:           118066
  min_capacitance Count:                      7
  max_transition Count:                      48
  min_capacitance Cost:                  0.0060
  max_transition Cost:                 181.9631
  Total DRC Cost:                      181.9691
  ---------------------------------------------

1
