
===========================================================================
 report_check_types -max_slew -max_cap -max_fanout -violators
============================================================================
max slew

Pin                                    Limit    Slew   Slack
------------------------------------------------------------
_4254_/S                                4.00    6.13   -2.13 (VIOLATED)
_4248_/S                                4.00    6.13   -2.13 (VIOLATED)
_4260_/S                                4.00    6.13   -2.13 (VIOLATED)
_4256_/S                                4.00    6.13   -2.13 (VIOLATED)
_4258_/S                                4.00    6.13   -2.13 (VIOLATED)
_4252_/S                                4.00    6.13   -2.13 (VIOLATED)
_3674_/A2                               4.00    6.13   -2.13 (VIOLATED)
_4262_/S                                4.00    6.13   -2.13 (VIOLATED)
_4299_/A1                               4.00    6.13   -2.13 (VIOLATED)
_4245_/B                                4.00    6.13   -2.13 (VIOLATED)
_4250_/S                                4.00    6.13   -2.13 (VIOLATED)
_3593_/A2                               4.00    6.13   -2.13 (VIOLATED)
_3601_/B1                               4.00    6.13   -2.13 (VIOLATED)
_3730_/C1                               4.00    6.13   -2.13 (VIOLATED)
_3774_/A2                               4.00    6.13   -2.13 (VIOLATED)
_3862_/A2                               4.00    6.13   -2.13 (VIOLATED)
_3704_/A2                               4.00    6.13   -2.13 (VIOLATED)
_3536_/ZN                               4.00    6.13   -2.13 (VIOLATED)
_4239_/S                                4.00    6.09   -2.09 (VIOLATED)
_4241_/S                                4.00    6.09   -2.09 (VIOLATED)
_4237_/S                                4.00    6.09   -2.09 (VIOLATED)
_4243_/S                                4.00    6.09   -2.09 (VIOLATED)
_4233_/S                                4.00    6.09   -2.09 (VIOLATED)
_4231_/S                                4.00    6.09   -2.09 (VIOLATED)
_4229_/S                                4.00    6.09   -2.09 (VIOLATED)
_4235_/S                                4.00    6.09   -2.09 (VIOLATED)
_4290_/A1                               4.00    6.09   -2.09 (VIOLATED)
_3667_/A2                               4.00    6.09   -2.09 (VIOLATED)
_3611_/C1                               4.00    6.09   -2.09 (VIOLATED)
_3712_/B1                               4.00    6.09   -2.09 (VIOLATED)
_3746_/A2                               4.00    6.09   -2.09 (VIOLATED)
_3978_/A2                               4.00    6.09   -2.09 (VIOLATED)
_3768_/A2                               4.00    6.09   -2.09 (VIOLATED)
_3882_/B1                               4.00    6.09   -2.09 (VIOLATED)
_4226_/B                                4.00    6.09   -2.09 (VIOLATED)
_3524_/ZN                               4.00    6.09   -2.09 (VIOLATED)
_3904_/A4                               4.00    5.60   -1.60 (VIOLATED)
_3723_/A4                               4.00    5.60   -1.60 (VIOLATED)
_3683_/A3                               4.00    5.60   -1.60 (VIOLATED)
_3602_/A3                               4.00    5.60   -1.60 (VIOLATED)
_3758_/A4                               4.00    5.60   -1.60 (VIOLATED)
_3806_/A3                               4.00    5.60   -1.60 (VIOLATED)
_3648_/A3                               4.00    5.60   -1.60 (VIOLATED)
_3646_/A4                               4.00    5.60   -1.60 (VIOLATED)
_3932_/A3                               4.00    5.60   -1.60 (VIOLATED)
_5528_/A3                               4.00    5.60   -1.60 (VIOLATED)
_3720_/A3                               4.00    5.60   -1.60 (VIOLATED)
_5532_/A3                               4.00    5.60   -1.60 (VIOLATED)
_3893_/A3                               4.00    5.60   -1.60 (VIOLATED)
_4151_/A3                               4.00    5.60   -1.60 (VIOLATED)
_3825_/A3                               4.00    5.60   -1.60 (VIOLATED)
_3900_/A4                               4.00    5.60   -1.60 (VIOLATED)
_5509_/A2                               4.00    5.60   -1.60 (VIOLATED)
_4160_/A3                               4.00    5.60   -1.60 (VIOLATED)
_4134_/A3                               4.00    5.60   -1.60 (VIOLATED)
_3609_/A3                               4.00    5.59   -1.59 (VIOLATED)
_3930_/A4                               4.00    5.59   -1.59 (VIOLATED)
_3518_/ZN                               4.00    5.59   -1.59 (VIOLATED)
_4275_/S                                4.00    4.81   -0.81 (VIOLATED)
_4277_/S                                4.00    4.81   -0.81 (VIOLATED)
_4281_/S                                4.00    4.81   -0.81 (VIOLATED)
_4279_/S                                4.00    4.81   -0.81 (VIOLATED)
_4271_/S                                4.00    4.81   -0.81 (VIOLATED)
_4273_/S                                4.00    4.81   -0.81 (VIOLATED)
_4269_/S                                4.00    4.81   -0.81 (VIOLATED)
_4267_/S                                4.00    4.81   -0.81 (VIOLATED)
_3624_/B1                               4.00    4.81   -0.81 (VIOLATED)
_3674_/B1                               4.00    4.81   -0.81 (VIOLATED)
_3575_/B1                               4.00    4.81   -0.81 (VIOLATED)
_3775_/B1                               4.00    4.81   -0.81 (VIOLATED)
_3704_/B1                               4.00    4.81   -0.81 (VIOLATED)
_3860_/B1                               4.00    4.81   -0.81 (VIOLATED)
_3726_/B1                               4.00    4.81   -0.81 (VIOLATED)
_3564_/ZN                               4.00    4.81   -0.81 (VIOLATED)
mgmt_gpio_out[15]                       2.00    2.71   -0.71 (VIOLATED)
_5749_/I0                               4.00    4.62   -0.62 (VIOLATED)
_4194_/I0                               4.00    4.62   -0.62 (VIOLATED)
_5767_/I0                               4.00    4.62   -0.62 (VIOLATED)
_4136_/I0                               4.00    4.62   -0.62 (VIOLATED)
_5529_/I0                               4.00    4.62   -0.62 (VIOLATED)
_5526_/I0                               4.00    4.62   -0.62 (VIOLATED)
_4182_/I0                               4.00    4.62   -0.62 (VIOLATED)
_5803_/I0                               4.00    4.62   -0.62 (VIOLATED)
_5531_/I0                               4.00    4.62   -0.62 (VIOLATED)
_5737_/I1                               4.00    4.62   -0.62 (VIOLATED)
_5728_/I0                               4.00    4.62   -0.62 (VIOLATED)
_5785_/I0                               4.00    4.62   -0.62 (VIOLATED)
_5656_/I0                               4.00    4.62   -0.62 (VIOLATED)
_5647_/I0                               4.00    4.62   -0.62 (VIOLATED)
_5758_/I0                               4.00    4.62   -0.62 (VIOLATED)
_4200_/I0                               4.00    4.62   -0.62 (VIOLATED)
_5534_/A4                               4.00    4.62   -0.62 (VIOLATED)
_4284_/I1                               4.00    4.62   -0.62 (VIOLATED)
_5533_/I0                               4.00    4.62   -0.62 (VIOLATED)
_4218_/I0                               4.00    4.62   -0.62 (VIOLATED)
_4152_/I1                               4.00    4.62   -0.62 (VIOLATED)
_4161_/I0                               4.00    4.62   -0.62 (VIOLATED)
_5513_/I0                               4.00    4.62   -0.62 (VIOLATED)
_5519_/I0                               4.00    4.62   -0.62 (VIOLATED)
_5746_/I1                               4.00    4.62   -0.62 (VIOLATED)
_4215_/I0                               4.00    4.62   -0.62 (VIOLATED)
_5510_/I0                               4.00    4.62   -0.62 (VIOLATED)
_5553_/I0                               4.00    4.62   -0.62 (VIOLATED)
_4176_/I1                               4.00    4.62   -0.62 (VIOLATED)
_4312_/I0                               4.00    4.62   -0.62 (VIOLATED)
_4191_/I0                               4.00    4.62   -0.62 (VIOLATED)
_4221_/I0                               4.00    4.62   -0.62 (VIOLATED)
_4209_/I0                               4.00    4.62   -0.62 (VIOLATED)
_4224_/I0                               4.00    4.62   -0.62 (VIOLATED)
_4206_/I1                               4.00    4.62   -0.62 (VIOLATED)
_4203_/I0                               4.00    4.61   -0.61 (VIOLATED)
_4330_/I1                               4.00    4.61   -0.61 (VIOLATED)
_4197_/I0                               4.00    4.61   -0.61 (VIOLATED)
_4179_/I0                               4.00    4.61   -0.61 (VIOLATED)
_4406_/I0                               4.00    4.61   -0.61 (VIOLATED)
_6654_/I0                               4.00    4.61   -0.61 (VIOLATED)
_4397_/I0                               4.00    4.61   -0.61 (VIOLATED)
_4400_/I0                               4.00    4.61   -0.61 (VIOLATED)
_4170_/I0                               4.00    4.61   -0.61 (VIOLATED)
_4367_/I0                               4.00    4.61   -0.61 (VIOLATED)
_4373_/I1                               4.00    4.61   -0.61 (VIOLATED)
_4173_/I1                               4.00    4.61   -0.61 (VIOLATED)
_4345_/I0                               4.00    4.61   -0.61 (VIOLATED)
_4379_/I0                               4.00    4.60   -0.60 (VIOLATED)
_4394_/I0                               4.00    4.60   -0.60 (VIOLATED)
_4370_/I1                               4.00    4.60   -0.60 (VIOLATED)
_4212_/I1                               4.00    4.60   -0.60 (VIOLATED)
_4315_/I1                               4.00    4.60   -0.60 (VIOLATED)
_5556_/I0                               4.00    4.60   -0.60 (VIOLATED)
_4391_/I0                               4.00    4.60   -0.60 (VIOLATED)
_4376_/I0                               4.00    4.60   -0.60 (VIOLATED)
_4385_/I0                               4.00    4.60   -0.60 (VIOLATED)
_4388_/I0                               4.00    4.60   -0.60 (VIOLATED)
_5839_/I0                               4.00    4.60   -0.60 (VIOLATED)
_4382_/I0                               4.00    4.60   -0.60 (VIOLATED)
_5894_/I0                               4.00    4.59   -0.59 (VIOLATED)
_5507_/I1                               4.00    4.59   -0.59 (VIOLATED)
_5547_/I0                               4.00    4.59   -0.59 (VIOLATED)
_5885_/I0                               4.00    4.59   -0.59 (VIOLATED)
_4403_/I0                               4.00    4.59   -0.59 (VIOLATED)
_5830_/I0                               4.00    4.59   -0.59 (VIOLATED)
_5821_/I0                               4.00    4.59   -0.59 (VIOLATED)
_4248_/I1                               4.00    4.59   -0.59 (VIOLATED)
_4309_/I0                               4.00    4.59   -0.59 (VIOLATED)
_5574_/I0                               4.00    4.59   -0.59 (VIOLATED)
_4300_/I0                               4.00    4.59   -0.59 (VIOLATED)
_5903_/I0                               4.00    4.59   -0.59 (VIOLATED)
_5592_/I1                               4.00    4.59   -0.59 (VIOLATED)
_5876_/I1                               4.00    4.59   -0.59 (VIOLATED)
_5848_/I0                               4.00    4.59   -0.59 (VIOLATED)
_5701_/I0                               4.00    4.59   -0.59 (VIOLATED)
_5637_/I1                               4.00    4.59   -0.59 (VIOLATED)
_5665_/I0                               4.00    4.59   -0.59 (VIOLATED)
_5683_/I0                               4.00    4.59   -0.59 (VIOLATED)
_5674_/I0                               4.00    4.59   -0.59 (VIOLATED)
_5619_/I0                               4.00    4.59   -0.59 (VIOLATED)
_5610_/I0                               4.00    4.59   -0.59 (VIOLATED)
_5628_/I0                               4.00    4.59   -0.59 (VIOLATED)
_5692_/I0                               4.00    4.59   -0.59 (VIOLATED)
_5812_/I0                               4.00    4.59   -0.59 (VIOLATED)
_5776_/I0                               4.00    4.59   -0.59 (VIOLATED)
_5719_/I0                               4.00    4.59   -0.59 (VIOLATED)
_5544_/I1                               4.00    4.58   -0.58 (VIOLATED)
_5583_/I0                               4.00    4.58   -0.58 (VIOLATED)
_5867_/I1                               4.00    4.58   -0.58 (VIOLATED)
_5794_/I0                               4.00    4.58   -0.58 (VIOLATED)
_4267_/I1                               4.00    4.58   -0.58 (VIOLATED)
_4229_/I1                               4.00    4.58   -0.58 (VIOLATED)
_4291_/I0                               4.00    4.58   -0.58 (VIOLATED)
_5601_/I0                               4.00    4.58   -0.58 (VIOLATED)
_5551_/I0                               4.00    4.58   -0.58 (VIOLATED)
_5565_/I0                               4.00    4.58   -0.58 (VIOLATED)
_5710_/I0                               4.00    4.58   -0.58 (VIOLATED)
_5857_/I1                               4.00    4.58   -0.58 (VIOLATED)
hold391/Z                               4.00    4.58   -0.58 (VIOLATED)
_3356_/I                                4.00    4.52   -0.52 (VIOLATED)
_6421_/C1                               4.00    4.52   -0.52 (VIOLATED)
_6099_/A1                               4.00    4.52   -0.52 (VIOLATED)
_3735_/C2                               4.00    4.52   -0.52 (VIOLATED)
hold280/I                               4.00    4.52   -0.52 (VIOLATED)
_6745_/Q                                4.00    4.52   -0.52 (VIOLATED)
mgmt_gpio_out[14]                       2.00    2.46   -0.46 (VIOLATED)
_4310_/I0                               4.00    4.45   -0.45 (VIOLATED)
_5575_/I0                               4.00    4.45   -0.45 (VIOLATED)
_5543_/I0                               4.00    4.45   -0.45 (VIOLATED)
_5611_/I0                               4.00    4.45   -0.45 (VIOLATED)
_5638_/I1                               4.00    4.45   -0.45 (VIOLATED)
_5584_/I0                               4.00    4.44   -0.44 (VIOLATED)
_5620_/I0                               4.00    4.44   -0.44 (VIOLATED)
_5593_/I1                               4.00    4.44   -0.44 (VIOLATED)
_5711_/I0                               4.00    4.44   -0.44 (VIOLATED)
_5738_/I1                               4.00    4.44   -0.44 (VIOLATED)
_5768_/I0                               4.00    4.44   -0.44 (VIOLATED)
_5804_/I0                               4.00    4.44   -0.44 (VIOLATED)
_5527_/I0                               4.00    4.44   -0.44 (VIOLATED)
_4183_/I0                               4.00    4.44   -0.44 (VIOLATED)
_5514_/I0                               4.00    4.44   -0.44 (VIOLATED)
_5729_/I0                               4.00    4.44   -0.44 (VIOLATED)
_5520_/I0                               4.00    4.44   -0.44 (VIOLATED)
_4138_/I0                               4.00    4.44   -0.44 (VIOLATED)
_4162_/I0                               4.00    4.44   -0.44 (VIOLATED)
_4153_/I1                               4.00    4.44   -0.44 (VIOLATED)
_5750_/I0                               4.00    4.44   -0.44 (VIOLATED)
_5657_/I0                               4.00    4.44   -0.44 (VIOLATED)
_4195_/I0                               4.00    4.44   -0.44 (VIOLATED)
_4285_/I1                               4.00    4.44   -0.44 (VIOLATED)
_5786_/I0                               4.00    4.44   -0.44 (VIOLATED)
_5511_/I0                               4.00    4.44   -0.44 (VIOLATED)
_5840_/I0                               4.00    4.44   -0.44 (VIOLATED)
_4192_/I0                               4.00    4.44   -0.44 (VIOLATED)
_4313_/I0                               4.00    4.44   -0.44 (VIOLATED)
_5747_/I1                               4.00    4.44   -0.44 (VIOLATED)
_5648_/I0                               4.00    4.44   -0.44 (VIOLATED)
_5554_/I0                               4.00    4.44   -0.44 (VIOLATED)
_4177_/I1                               4.00    4.44   -0.44 (VIOLATED)
_5858_/I1                               4.00    4.44   -0.44 (VIOLATED)
_4219_/I0                               4.00    4.44   -0.44 (VIOLATED)
_4222_/I0                               4.00    4.44   -0.44 (VIOLATED)
_4407_/I0                               4.00    4.44   -0.44 (VIOLATED)
_4216_/I0                               4.00    4.44   -0.44 (VIOLATED)
_4207_/I1                               4.00    4.44   -0.44 (VIOLATED)
_4201_/I0                               4.00    4.44   -0.44 (VIOLATED)
_4225_/I0                               4.00    4.44   -0.44 (VIOLATED)
_4210_/I0                               4.00    4.44   -0.44 (VIOLATED)
_4204_/I0                               4.00    4.44   -0.44 (VIOLATED)
_6655_/I0                               4.00    4.44   -0.44 (VIOLATED)
_4401_/I0                               4.00    4.43   -0.43 (VIOLATED)
_5895_/I0                               4.00    4.43   -0.43 (VIOLATED)
_4171_/I0                               4.00    4.43   -0.43 (VIOLATED)
_4368_/I0                               4.00    4.43   -0.43 (VIOLATED)
_4398_/I0                               4.00    4.43   -0.43 (VIOLATED)
_4346_/I0                               4.00    4.43   -0.43 (VIOLATED)
_4198_/I0                               4.00    4.43   -0.43 (VIOLATED)
_4180_/I0                               4.00    4.43   -0.43 (VIOLATED)
_4331_/I1                               4.00    4.43   -0.43 (VIOLATED)
_4174_/I1                               4.00    4.42   -0.42 (VIOLATED)
_4395_/I0                               4.00    4.42   -0.42 (VIOLATED)
_4371_/I1                               4.00    4.42   -0.42 (VIOLATED)
_4389_/I0                               4.00    4.42   -0.42 (VIOLATED)
_4377_/I0                               4.00    4.42   -0.42 (VIOLATED)
_4374_/I1                               4.00    4.42   -0.42 (VIOLATED)
_4380_/I0                               4.00    4.42   -0.42 (VIOLATED)
_4213_/I1                               4.00    4.42   -0.42 (VIOLATED)
_4316_/I1                               4.00    4.42   -0.42 (VIOLATED)
_4392_/I0                               4.00    4.41   -0.41 (VIOLATED)
_4386_/I0                               4.00    4.41   -0.41 (VIOLATED)
_5831_/I0                               4.00    4.41   -0.41 (VIOLATED)
_4404_/I0                               4.00    4.41   -0.41 (VIOLATED)
_5557_/I0                               4.00    4.41   -0.41 (VIOLATED)
_5508_/I1                               4.00    4.41   -0.41 (VIOLATED)
_5759_/I0                               4.00    4.40   -0.40 (VIOLATED)
_5822_/I0                               4.00    4.40   -0.40 (VIOLATED)
_5795_/I0                               4.00    4.40   -0.40 (VIOLATED)
_5868_/I1                               4.00    4.40   -0.40 (VIOLATED)
_5693_/I0                               4.00    4.40   -0.40 (VIOLATED)
_5877_/I1                               4.00    4.40   -0.40 (VIOLATED)
_5666_/I0                               4.00    4.40   -0.40 (VIOLATED)
_5675_/I0                               4.00    4.40   -0.40 (VIOLATED)
_5684_/I0                               4.00    4.40   -0.40 (VIOLATED)
_5720_/I0                               4.00    4.40   -0.40 (VIOLATED)
_5849_/I0                               4.00    4.40   -0.40 (VIOLATED)
_5886_/I0                               4.00    4.40   -0.40 (VIOLATED)
_5813_/I0                               4.00    4.40   -0.40 (VIOLATED)
_5777_/I0                               4.00    4.40   -0.40 (VIOLATED)
_5629_/I0                               4.00    4.40   -0.40 (VIOLATED)
_4301_/I0                               4.00    4.40   -0.40 (VIOLATED)
_4250_/I1                               4.00    4.40   -0.40 (VIOLATED)
_5904_/I0                               4.00    4.40   -0.40 (VIOLATED)
_4269_/I1                               4.00    4.40   -0.40 (VIOLATED)
_5566_/I0                               4.00    4.40   -0.40 (VIOLATED)
_4292_/I0                               4.00    4.40   -0.40 (VIOLATED)
_4231_/I1                               4.00    4.40   -0.40 (VIOLATED)
_5550_/I0                               4.00    4.40   -0.40 (VIOLATED)
_5602_/I0                               4.00    4.40   -0.40 (VIOLATED)
_5702_/I0                               4.00    4.40   -0.40 (VIOLATED)
hold388/Z                               4.00    4.40   -0.40 (VIOLATED)
_6238_/A2                               4.00    4.32   -0.32 (VIOLATED)
_6252_/A2                               4.00    4.32   -0.32 (VIOLATED)
_6222_/A2                               4.00    4.32   -0.32 (VIOLATED)
_6260_/B1                               4.00    4.32   -0.32 (VIOLATED)
_6051_/A2                               4.00    4.32   -0.32 (VIOLATED)
_6024_/A2                               4.00    4.32   -0.32 (VIOLATED)
_6073_/B1                               4.00    4.32   -0.32 (VIOLATED)
_6046_/C2                               4.00    4.32   -0.32 (VIOLATED)
_6002_/B1                               4.00    4.32   -0.32 (VIOLATED)
_6105_/B1                               4.00    4.32   -0.32 (VIOLATED)
_6135_/A2                               4.00    4.32   -0.32 (VIOLATED)
_6174_/A2                               4.00    4.32   -0.32 (VIOLATED)
_6184_/A2                               4.00    4.32   -0.32 (VIOLATED)
_6119_/A2                               4.00    4.32   -0.32 (VIOLATED)
_6094_/A2                               4.00    4.32   -0.32 (VIOLATED)
_6201_/B1                               4.00    4.32   -0.32 (VIOLATED)
_6069_/B1                               4.00    4.32   -0.32 (VIOLATED)
_6204_/A2                               4.00    4.32   -0.32 (VIOLATED)
_6154_/A2                               4.00    4.32   -0.32 (VIOLATED)
_6149_/B1                               4.00    4.32   -0.32 (VIOLATED)
_6001_/ZN                               4.00    4.32   -0.32 (VIOLATED)
pad_flash_clk                           2.00    2.23   -0.23 (VIOLATED)
_6236_/A2                               4.00    4.22   -0.22 (VIOLATED)
_6256_/A2                               4.00    4.22   -0.22 (VIOLATED)
_6223_/A2                               4.00    4.22   -0.22 (VIOLATED)
_6090_/B1                               4.00    4.22   -0.22 (VIOLATED)
_6203_/A2                               4.00    4.22   -0.22 (VIOLATED)
_6196_/B1                               4.00    4.22   -0.22 (VIOLATED)
_6018_/A2                               4.00    4.22   -0.22 (VIOLATED)
_6170_/A2                               4.00    4.22   -0.22 (VIOLATED)
_6006_/A2                               4.00    4.22   -0.22 (VIOLATED)
_6104_/A2                               4.00    4.22   -0.22 (VIOLATED)
_6042_/B1                               4.00    4.22   -0.22 (VIOLATED)
_6118_/A2                               4.00    4.22   -0.22 (VIOLATED)
_6067_/A2                               4.00    4.22   -0.22 (VIOLATED)
_6134_/B1                               4.00    4.22   -0.22 (VIOLATED)
_6253_/B1                               4.00    4.22   -0.22 (VIOLATED)
_6051_/C1                               4.00    4.22   -0.22 (VIOLATED)
_6077_/A2                               4.00    4.22   -0.22 (VIOLATED)
_6150_/A2                               4.00    4.22   -0.22 (VIOLATED)
_6180_/B1                               4.00    4.22   -0.22 (VIOLATED)
_6155_/A2                               4.00    4.22   -0.22 (VIOLATED)
_6004_/ZN                               4.00    4.22   -0.22 (VIOLATED)
_6158_/A2                               4.00    4.17   -0.17 (VIOLATED)
_6207_/B1                               4.00    4.17   -0.17 (VIOLATED)
_6092_/A2                               4.00    4.17   -0.17 (VIOLATED)
_6200_/B1                               4.00    4.17   -0.17 (VIOLATED)
_6175_/B1                               4.00    4.17   -0.17 (VIOLATED)
_6183_/B1                               4.00    4.17   -0.17 (VIOLATED)
_6104_/B1                               4.00    4.17   -0.17 (VIOLATED)
_6236_/C1                               4.00    4.17   -0.17 (VIOLATED)
_6250_/C1                               4.00    4.17   -0.17 (VIOLATED)
_6122_/B1                               4.00    4.17   -0.17 (VIOLATED)
_6257_/B1                               4.00    4.17   -0.17 (VIOLATED)
_6222_/B1                               4.00    4.17   -0.17 (VIOLATED)
_6024_/B1                               4.00    4.17   -0.17 (VIOLATED)
_6015_/A2                               4.00    4.17   -0.17 (VIOLATED)
_6054_/B1                               4.00    4.17   -0.17 (VIOLATED)
_6046_/B1                               4.00    4.17   -0.17 (VIOLATED)
_6133_/C1                               4.00    4.17   -0.17 (VIOLATED)
_6068_/A2                               4.00    4.17   -0.17 (VIOLATED)
_6072_/B1                               4.00    4.17   -0.17 (VIOLATED)
_6147_/B1                               4.00    4.17   -0.17 (VIOLATED)
_6013_/ZN                               4.00    4.17   -0.17 (VIOLATED)
_6021_/B1                               4.00    4.12   -0.12 (VIOLATED)
_6015_/B1                               4.00    4.12   -0.12 (VIOLATED)
_6105_/C1                               4.00    4.12   -0.12 (VIOLATED)
_6089_/B1                               4.00    4.12   -0.12 (VIOLATED)
_6118_/B1                               4.00    4.12   -0.12 (VIOLATED)
_6199_/B1                               4.00    4.12   -0.12 (VIOLATED)
_6131_/B1                               4.00    4.12   -0.12 (VIOLATED)
_6158_/B1                               4.00    4.12   -0.12 (VIOLATED)
_6207_/C1                               4.00    4.12   -0.12 (VIOLATED)
_6169_/B1                               4.00    4.12   -0.12 (VIOLATED)
_6179_/B1                               4.00    4.12   -0.12 (VIOLATED)
_6068_/B1                               4.00    4.12   -0.12 (VIOLATED)
_6223_/B1                               4.00    4.12   -0.12 (VIOLATED)
_6259_/B1                               4.00    4.12   -0.12 (VIOLATED)
_6236_/B1                               4.00    4.12   -0.12 (VIOLATED)
_6250_/B1                               4.00    4.12   -0.12 (VIOLATED)
_6048_/B1                               4.00    4.12   -0.12 (VIOLATED)
_6051_/B1                               4.00    4.12   -0.12 (VIOLATED)
_6074_/B1                               4.00    4.12   -0.12 (VIOLATED)
_6014_/ZN                               4.00    4.12   -0.12 (VIOLATED)
_6146_/B1                               4.00    4.12   -0.12 (VIOLATED)
_3357_/I                                4.00    4.07   -0.07 (VIOLATED)
_6403_/B2                               4.00    4.07   -0.07 (VIOLATED)
_6105_/B2                               4.00    4.07   -0.07 (VIOLATED)
_3735_/A1                               4.00    4.07   -0.07 (VIOLATED)
hold263/I                               4.00    4.07   -0.07 (VIOLATED)
_7115_/Q                                4.00    4.07   -0.07 (VIOLATED)

max capacitance

Pin                                    Limit     Cap   Slack
------------------------------------------------------------
hold391/Z                               0.95    1.15   -0.20 (VIOLATED)
_3536_/ZN                               0.24    0.42   -0.17 (VIOLATED)
_3524_/ZN                               0.24    0.41   -0.17 (VIOLATED)
hold388/Z                               0.95    1.11   -0.16 (VIOLATED)
_3518_/ZN                               0.24    0.38   -0.13 (VIOLATED)
max_cap375/Z                            1.00    1.08   -0.08 (VIOLATED)
_3564_/ZN                               0.24    0.32   -0.07 (VIOLATED)
max_cap376/Z                            1.00    1.04   -0.04 (VIOLATED)
_6001_/ZN                               0.24    0.29   -0.04 (VIOLATED)
_6745_/Q                                0.24    0.28   -0.04 (VIOLATED)
_6004_/ZN                               0.24    0.28   -0.03 (VIOLATED)
_6013_/ZN                               0.24    0.28   -0.03 (VIOLATED)
max_cap378/Z                            1.00    1.03   -0.03 (VIOLATED)
_6014_/ZN                               0.24    0.27   -0.03 (VIOLATED)
max_cap379/Z                            1.00    1.02   -0.02 (VIOLATED)
_7115_/Q                                0.24    0.25   -0.01 (VIOLATED)
_5999_/ZN                               0.24    0.25   -0.01 (VIOLATED)
_6027_/ZN                               0.24    0.25   -0.00 (VIOLATED)
_4022_/ZN                               0.50    0.50   -0.00 (VIOLATED)
_5994_/ZN                               0.24    0.25   -0.00 (VIOLATED)


===========================================================================
max slew violation count 367
max fanout violation count 0
max cap violation count 20
============================================================================
