****************************************
Report : constraint
	-all_violators
	-path slack_only
Design : housekeeping
Version: T-2022.03-SP3
Date   : Wed Nov 30 10:14:48 2022
****************************************






   max_transition

                             Required        Actual
   Pin                      Transition     Transition        Slack
   -----------------------------------------------------------------
   _4216_/S                   4.0000         4.8260        -0.8260  (VIOLATED)
   _4214_/S                   4.0000         4.8255        -0.8255  (VIOLATED)
   _4224_/S                   4.0000         4.8220        -0.8220  (VIOLATED)
   _4218_/S                   4.0000         4.8219        -0.8219  (VIOLATED)
   _4220_/S                   4.0000         4.8210        -0.8210  (VIOLATED)
   _4222_/S                   4.0000         4.8098        -0.8098  (VIOLATED)
   _4228_/S                   4.0000         4.8098        -0.8098  (VIOLATED)
   _4226_/S                   4.0000         4.8097        -0.8097  (VIOLATED)
   _4212_/ZN                  4.0000         4.8093        -0.8093  (VIOLATED)
   _3864_/C2                  4.0000         4.7519        -0.7519  (VIOLATED)
   _3622_/B1                  4.0000         4.7514        -0.7514  (VIOLATED)
   _3718_/A2                  4.0000         4.7504        -0.7504  (VIOLATED)
   _3731_/A2                  4.0000         4.7468        -0.7468  (VIOLATED)
   _3597_/C1                  4.0000         4.7462        -0.7462  (VIOLATED)
   _3913_/A2                  4.0000         4.7458        -0.7458  (VIOLATED)
   _3676_/B1                  4.0000         4.7453        -0.7453  (VIOLATED)
   _3775_/B1                  4.0000         4.7432        -0.7432  (VIOLATED)
   _3942_/B2                  4.0000         4.7430        -0.7430  (VIOLATED)
   _5683_/A1                  4.0000         4.7423        -0.7423  (VIOLATED)
   _3599_/B1                  4.0000         4.7413        -0.7413  (VIOLATED)
   _3769_/A2                  4.0000         4.7409        -0.7409  (VIOLATED)
   _3700_/B1                  4.0000         4.7408        -0.7408  (VIOLATED)
   _3881_/A2                  4.0000         4.7405        -0.7405  (VIOLATED)
   _3733_/B1                  4.0000         4.7370        -0.7370  (VIOLATED)
   _3623_/B1                  4.0000         4.7366        -0.7366  (VIOLATED)
   _3664_/A2                  4.0000         4.7359        -0.7359  (VIOLATED)
   _3561_/ZN                  4.0000         4.7358        -0.7358  (VIOLATED)
   _3567_/ZN                  4.0000         4.7293        -0.7293  (VIOLATED)
   _5528_/S                   4.0000         4.7157        -0.7157  (VIOLATED)
   _3684_/B1                  4.0000         4.7120        -0.7120  (VIOLATED)
   _3717_/C2                  4.0000         4.7111        -0.7111  (VIOLATED)
   _3637_/C1                  4.0000         4.7103        -0.7103  (VIOLATED)
   _3789_/B1                  4.0000         4.7098        -0.7098  (VIOLATED)
   _3748_/C2                  4.0000         4.7097        -0.7097  (VIOLATED)
   _3933_/A2                  4.0000         4.7089        -0.7089  (VIOLATED)
   _3865_/A2                  4.0000         4.7071        -0.7071  (VIOLATED)
   _3618_/ZN                  4.0000         4.7006        -0.7006  (VIOLATED)
   _3735_/B1                  4.0000         4.6005        -0.6005  (VIOLATED)
   _3603_/C1                  4.0000         4.6002        -0.6002  (VIOLATED)
   _3624_/B1                  4.0000         4.5983        -0.5983  (VIOLATED)
   _3769_/B1                  4.0000         4.5896        -0.5896  (VIOLATED)
   _3698_/B1                  4.0000         4.5856        -0.5856  (VIOLATED)
   _5674_/A1                  4.0000         4.5855        -0.5855  (VIOLATED)
   _3664_/B1                  4.0000         4.5855        -0.5855  (VIOLATED)
   _3881_/B1                  4.0000         4.5853        -0.5853  (VIOLATED)
   _3936_/A2                  4.0000         4.5852        -0.5852  (VIOLATED)
   _3569_/ZN                  4.0000         4.5847        -0.5847  (VIOLATED)
   _3737_/B1                  4.0000         4.5259        -0.5259  (VIOLATED)
   _3893_/A2                  4.0000         4.5240        -0.5240  (VIOLATED)
   _3721_/B1                  4.0000         4.5220        -0.5220  (VIOLATED)
   _3586_/C2                  4.0000         4.5101        -0.5101  (VIOLATED)
   _3644_/B1                  4.0000         4.5101        -0.5101  (VIOLATED)
   _3775_/C1                  4.0000         4.5100        -0.5100  (VIOLATED)
   _3916_/A2                  4.0000         4.5099        -0.5099  (VIOLATED)
   _3684_/A2                  4.0000         4.5099        -0.5099  (VIOLATED)
   _3558_/ZN                  4.0000         4.5098        -0.5098  (VIOLATED)
   _3928_/A2                  4.0000         4.4697        -0.4697  (VIOLATED)
   _3891_/C1                  4.0000         4.4620        -0.4620  (VIOLATED)
   _3791_/B1                  4.0000         4.4620        -0.4620  (VIOLATED)
   _5575_/A1                  4.0000         4.4620        -0.4620  (VIOLATED)
   _3697_/A2                  4.0000         4.4619        -0.4619  (VIOLATED)
   _3660_/B1                  4.0000         4.4619        -0.4619  (VIOLATED)
   _3621_/A2                  4.0000         4.4615        -0.4615  (VIOLATED)
   _3741_/B1                  4.0000         4.4615        -0.4615  (VIOLATED)
   _3594_/C1                  4.0000         4.4614        -0.4614  (VIOLATED)
   _3580_/ZN                  4.0000         4.4614        -0.4614  (VIOLATED)
   _4197_/S                   4.0000         4.4331        -0.4331  (VIOLATED)
   _4199_/S                   4.0000         4.4331        -0.4331  (VIOLATED)
   _4201_/S                   4.0000         4.4331        -0.4331  (VIOLATED)
   _4203_/S                   4.0000         4.4331        -0.4331  (VIOLATED)
   _4205_/S                   4.0000         4.4328        -0.4328  (VIOLATED)
   _4211_/S                   4.0000         4.4328        -0.4328  (VIOLATED)
   _4209_/S                   4.0000         4.4328        -0.4328  (VIOLATED)
   _4207_/S                   4.0000         4.4328        -0.4328  (VIOLATED)
   _4195_/ZN                  4.0000         4.4328        -0.4328  (VIOLATED)
   _3879_/B1                  4.0000         4.3962        -0.3962  (VIOLATED)
   _3698_/C1                  4.0000         4.3849        -0.3849  (VIOLATED)
   _3670_/B1                  4.0000         4.3849        -0.3849  (VIOLATED)
   _3765_/A2                  4.0000         4.3849        -0.3849  (VIOLATED)
   _3952_/A2                  4.0000         4.3849        -0.3849  (VIOLATED)
   _3733_/C1                  4.0000         4.3847        -0.3847  (VIOLATED)
   _3624_/C1                  4.0000         4.3847        -0.3847  (VIOLATED)
   _3599_/C2                  4.0000         4.3847        -0.3847  (VIOLATED)
   _3572_/ZN                  4.0000         4.3846        -0.3846  (VIOLATED)
   _3586_/B1                  4.0000         4.3222        -0.3222  (VIOLATED)
   _3730_/A2                  4.0000         4.3211        -0.3211  (VIOLATED)
   _3783_/C1                  4.0000         4.3195        -0.3195  (VIOLATED)
   _3714_/B1                  4.0000         4.3195        -0.3195  (VIOLATED)
   _3923_/C1                  4.0000         4.3195        -0.3195  (VIOLATED)
   _3867_/A2                  4.0000         4.3195        -0.3195  (VIOLATED)
   _3668_/A2                  4.0000         4.3195        -0.3195  (VIOLATED)
   _3741_/A2                  4.0000         4.3192        -0.3192  (VIOLATED)
   _3626_/B1                  4.0000         4.3191        -0.3191  (VIOLATED)
   _3605_/A2                  4.0000         4.3191        -0.3191  (VIOLATED)
   _3559_/ZN                  4.0000         4.3191        -0.3191  (VIOLATED)
   _3613_/A2                  4.0000         4.3152        -0.3152  (VIOLATED)
   _3771_/A2                  4.0000         4.3081        -0.3081  (VIOLATED)
   _3672_/A2                  4.0000         4.3081        -0.3081  (VIOLATED)
   _3717_/B1                  4.0000         4.3081        -0.3081  (VIOLATED)
   _3850_/A2                  4.0000         4.3078        -0.3078  (VIOLATED)
   _3943_/A2                  4.0000         4.3078        -0.3078  (VIOLATED)
   _3538_/ZN                  4.0000         4.3077        -0.3077  (VIOLATED)
   _3749_/B1                  4.0000         4.2936        -0.2936  (VIOLATED)
   _3623_/A2                  4.0000         4.2928        -0.2928  (VIOLATED)
   _3662_/A2                  4.0000         4.2841        -0.2841  (VIOLATED)
   _3930_/A2                  4.0000         4.2819        -0.2819  (VIOLATED)
   _3603_/B1                  4.0000         4.2812        -0.2812  (VIOLATED)
   _3788_/A2                  4.0000         4.2812        -0.2812  (VIOLATED)
   _3675_/B1                  4.0000         4.2812        -0.2812  (VIOLATED)
   _3695_/A2                  4.0000         4.2812        -0.2812  (VIOLATED)
   _5758_/A1                  4.0000         4.2808        -0.2808  (VIOLATED)
   _3870_/A2                  4.0000         4.2807        -0.2807  (VIOLATED)
   _3914_/A2                  4.0000         4.2806        -0.2806  (VIOLATED)
   _3563_/ZN                  4.0000         4.2806        -0.2806  (VIOLATED)
   _3716_/A2                  4.0000         4.2805        -0.2805  (VIOLATED)
   _3848_/A2                  4.0000         4.2790        -0.2790  (VIOLATED)
   _3772_/B1                  4.0000         4.2788        -0.2788  (VIOLATED)
   _3588_/A2                  4.0000         4.2782        -0.2782  (VIOLATED)
   _3634_/C1                  4.0000         4.2780        -0.2780  (VIOLATED)
   _3749_/A2                  4.0000         4.2760        -0.2760  (VIOLATED)
   _3554_/ZN                  4.0000         4.2720        -0.2720  (VIOLATED)
   _3782_/B1                  4.0000         4.2638        -0.2638  (VIOLATED)
   _3952_/B1                  4.0000         4.2626        -0.2626  (VIOLATED)
   _3856_/B1                  4.0000         4.2604        -0.2604  (VIOLATED)
   _3693_/A2                  4.0000         4.2602        -0.2602  (VIOLATED)
   _3738_/C1                  4.0000         4.2587        -0.2587  (VIOLATED)
   _3875_/A2                  4.0000         4.2573        -0.2573  (VIOLATED)
   _3627_/A2                  4.0000         4.2572        -0.2572  (VIOLATED)
   _3661_/A2                  4.0000         4.2569        -0.2569  (VIOLATED)
   _3682_/A2                  4.0000         4.2563        -0.2563  (VIOLATED)
   _3774_/C1                  4.0000         4.2558        -0.2558  (VIOLATED)
   _3931_/A2                  4.0000         4.2558        -0.2558  (VIOLATED)
   _3698_/A2                  4.0000         4.2558        -0.2558  (VIOLATED)
   _3624_/A2                  4.0000         4.2544        -0.2544  (VIOLATED)
   _5638_/A1                  4.0000         4.2543        -0.2543  (VIOLATED)
   _5701_/A1                  4.0000         4.2540        -0.2540  (VIOLATED)
   _3598_/C2                  4.0000         4.2538        -0.2538  (VIOLATED)
   _3604_/B1                  4.0000         4.2486        -0.2486  (VIOLATED)
   _3750_/B1                  4.0000         4.2485        -0.2485  (VIOLATED)
   _3576_/ZN                  4.0000         4.2484        -0.2484  (VIOLATED)
   _3556_/ZN                  4.0000         4.2468        -0.2468  (VIOLATED)
   _3551_/ZN                  4.0000         4.2411        -0.2411  (VIOLATED)
   _3720_/A2                  4.0000         4.2372        -0.2372  (VIOLATED)
   _3603_/A2                  4.0000         4.2331        -0.2331  (VIOLATED)
   _3917_/A2                  4.0000         4.2330        -0.2330  (VIOLATED)
   _3892_/A2                  4.0000         4.2328        -0.2328  (VIOLATED)
   _3676_/A2                  4.0000         4.2313        -0.2313  (VIOLATED)
   _3637_/B1                  4.0000         4.2304        -0.2304  (VIOLATED)
   _3775_/A2                  4.0000         4.2297        -0.2297  (VIOLATED)
   _3735_/A2                  4.0000         4.2294        -0.2294  (VIOLATED)
   _3718_/B1                  4.0000         4.2287        -0.2287  (VIOLATED)
   _3945_/B1                  4.0000         4.2272        -0.2272  (VIOLATED)
   _3730_/B1                  4.0000         4.2272        -0.2272  (VIOLATED)
   _3636_/C1                  4.0000         4.2265        -0.2265  (VIOLATED)
   _3879_/A2                  4.0000         4.2250        -0.2250  (VIOLATED)
   _3771_/B1                  4.0000         4.2247        -0.2247  (VIOLATED)
   _3659_/A2                  4.0000         4.2144        -0.2144  (VIOLATED)
   _3600_/B1                  4.0000         4.2143        -0.2143  (VIOLATED)
   _3564_/ZN                  4.0000         4.2142        -0.2142  (VIOLATED)
   _3882_/A2                  4.0000         4.2047        -0.2047  (VIOLATED)
   _3935_/A2                  4.0000         4.2033        -0.2033  (VIOLATED)
   _3737_/A2                  4.0000         4.2033        -0.2033  (VIOLATED)
   _3586_/A2                  4.0000         4.2029        -0.2029  (VIOLATED)
   _3623_/C2                  4.0000         4.2019        -0.2019  (VIOLATED)
   _3666_/A2                  4.0000         4.1997        -0.1997  (VIOLATED)
   _3717_/A2                  4.0000         4.1994        -0.1994  (VIOLATED)
   _3590_/B1                  4.0000         4.1982        -0.1982  (VIOLATED)
   _3925_/A2                  4.0000         4.1966        -0.1966  (VIOLATED)
   _3859_/C1                  4.0000         4.1954        -0.1954  (VIOLATED)
   _3774_/A2                  4.0000         4.1940        -0.1940  (VIOLATED)
   _3528_/ZN                  4.0000         4.1907        -0.1907  (VIOLATED)
   _3791_/C1                  4.0000         4.1839        -0.1839  (VIOLATED)
   _3628_/B1                  4.0000         4.1839        -0.1839  (VIOLATED)
   _3741_/C1                  4.0000         4.1837        -0.1837  (VIOLATED)
   _3716_/B1                  4.0000         4.1837        -0.1837  (VIOLATED)
   _3661_/B1                  4.0000         4.1837        -0.1837  (VIOLATED)
   _3581_/ZN                  4.0000         4.1837        -0.1837  (VIOLATED)
   _3575_/A2                  4.0000         4.1700        -0.1700  (VIOLATED)
   _3779_/B1                  4.0000         4.1696        -0.1696  (VIOLATED)
   _3629_/B1                  4.0000         4.1692        -0.1692  (VIOLATED)
   _3743_/A2                  4.0000         4.1674        -0.1674  (VIOLATED)
   _3577_/ZN                  4.0000         4.1630        -0.1630  (VIOLATED)
   _3598_/B1                  4.0000         4.1609        -0.1609  (VIOLATED)
   _3947_/A2                  4.0000         4.1605        -0.1605  (VIOLATED)
   _3788_/B1                  4.0000         4.1604        -0.1604  (VIOLATED)
   _3720_/B1                  4.0000         4.1598        -0.1598  (VIOLATED)
   _3870_/B1                  4.0000         4.1582        -0.1582  (VIOLATED)
   _3656_/B1                  4.0000         4.1573        -0.1573  (VIOLATED)
   _3635_/B1                  4.0000         4.1570        -0.1570  (VIOLATED)
   _3748_/B1                  4.0000         4.1563        -0.1563  (VIOLATED)
   _3677_/C1                  4.0000         4.1558        -0.1558  (VIOLATED)
   _3659_/B1                  4.0000         4.1555        -0.1555  (VIOLATED)
   _3694_/A2                  4.0000         4.1555        -0.1555  (VIOLATED)
   _3700_/A2                  4.0000         4.1555        -0.1555  (VIOLATED)
   _3845_/A2                  4.0000         4.1554        -0.1554  (VIOLATED)
   _3927_/B1                  4.0000         4.1554        -0.1554  (VIOLATED)
   _3574_/ZN                  4.0000         4.1553        -0.1553  (VIOLATED)
   _3872_/B1                  4.0000         4.1543        -0.1543  (VIOLATED)
   _3863_/A2                  4.0000         4.1537        -0.1537  (VIOLATED)
   _3945_/C2                  4.0000         4.1498        -0.1498  (VIOLATED)
   _3752_/A2                  4.0000         4.1445        -0.1445  (VIOLATED)
   _3710_/A2                  4.0000         4.1445        -0.1445  (VIOLATED)
   _3923_/A2                  4.0000         4.1445        -0.1445  (VIOLATED)
   _3671_/A2                  4.0000         4.1445        -0.1445  (VIOLATED)
   _3514_/A2                  4.0000         4.1443        -0.1443  (VIOLATED)
   _3633_/A2                  4.0000         4.1443        -0.1443  (VIOLATED)
   _3781_/A2                  4.0000         4.1443        -0.1443  (VIOLATED)
   _3513_/ZN                  4.0000         4.1442        -0.1442  (VIOLATED)
   _3597_/B1                  4.0000         4.1433        -0.1433  (VIOLATED)
   _3643_/A2                  4.0000         4.1432        -0.1432  (VIOLATED)
   _3756_/A2                  4.0000         4.1432        -0.1432  (VIOLATED)
   _3774_/B1                  4.0000         4.1432        -0.1432  (VIOLATED)
   _3548_/ZN                  4.0000         4.1431        -0.1431  (VIOLATED)
   _3746_/B1                  4.0000         4.1246        -0.1246  (VIOLATED)
   _3901_/A2                  4.0000         4.1240        -0.1240  (VIOLATED)
   _3662_/B1                  4.0000         4.1238        -0.1238  (VIOLATED)
   _3640_/B1                  4.0000         4.1227        -0.1227  (VIOLATED)
   _3779_/A2                  4.0000         4.1209        -0.1209  (VIOLATED)
   _3593_/B1                  4.0000         4.1191        -0.1191  (VIOLATED)
   _3704_/B1                  4.0000         4.1115        -0.1115  (VIOLATED)
   _3823_/A2                  4.0000         4.1115        -0.1115  (VIOLATED)
   _3565_/ZN                  4.0000         4.1114        -0.1114  (VIOLATED)
   _3696_/A2                  4.0000         4.0935        -0.0935  (VIOLATED)
   _3934_/A2                  4.0000         4.0927        -0.0927  (VIOLATED)
   _3877_/A2                  4.0000         4.0875        -0.0875  (VIOLATED)
   _3685_/A2                  4.0000         4.0809        -0.0809  (VIOLATED)
   _3744_/A2                  4.0000         4.0808        -0.0808  (VIOLATED)
   _3665_/A2                  4.0000         4.0802        -0.0802  (VIOLATED)
   _3789_/A2                  4.0000         4.0802        -0.0802  (VIOLATED)
   _3705_/A2                  4.0000         4.0802        -0.0802  (VIOLATED)
   _3750_/A2                  4.0000         4.0801        -0.0801  (VIOLATED)
   _3644_/A2                  4.0000         4.0801        -0.0801  (VIOLATED)
   _3599_/A2                  4.0000         4.0801        -0.0801  (VIOLATED)
   _3531_/ZN                  4.0000         4.0799        -0.0799  (VIOLATED)
   _3594_/A2                  4.0000         4.0789        -0.0789  (VIOLATED)
   _3862_/A2                  4.0000         4.0787        -0.0787  (VIOLATED)
   _3957_/A2                  4.0000         4.0765        -0.0765  (VIOLATED)
   _3640_/A2                  4.0000         4.0750        -0.0750  (VIOLATED)
   _3781_/B1                  4.0000         4.0678        -0.0678  (VIOLATED)
   _3524_/ZN                  4.0000         4.0677        -0.0677  (VIOLATED)
   _3622_/C1                  4.0000         4.0670        -0.0670  (VIOLATED)
   _3588_/B1                  4.0000         4.0572        -0.0572  (VIOLATED)
   _3749_/C1                  4.0000         4.0566        -0.0566  (VIOLATED)
   _3788_/C1                  4.0000         4.0536        -0.0536  (VIOLATED)
   _3685_/B1                  4.0000         4.0536        -0.0536  (VIOLATED)
   _3883_/C1                  4.0000         4.0535        -0.0535  (VIOLATED)
   _3941_/B1                  4.0000         4.0534        -0.0534  (VIOLATED)
   _3721_/C2                  4.0000         4.0534        -0.0534  (VIOLATED)
   _3571_/ZN                  4.0000         4.0534        -0.0534  (VIOLATED)
   _3954_/A2                  4.0000         4.0526        -0.0526  (VIOLATED)
   _3888_/A2                  4.0000         4.0488        -0.0488  (VIOLATED)
   _3792_/A2                  4.0000         4.0407        -0.0407  (VIOLATED)
   _3712_/A2                  4.0000         4.0407        -0.0407  (VIOLATED)
   _3665_/B1                  4.0000         4.0406        -0.0406  (VIOLATED)
   _3740_/C1                  4.0000         4.0403        -0.0403  (VIOLATED)
   _3631_/B1                  4.0000         4.0403        -0.0403  (VIOLATED)
   _3595_/A2                  4.0000         4.0403        -0.0403  (VIOLATED)
   _3539_/ZN                  4.0000         4.0403        -0.0403  (VIOLATED)
   _3756_/B1                  4.0000         4.0203        -0.0203  (VIOLATED)
   _3598_/A2                  4.0000         4.0181        -0.0181  (VIOLATED)
   _3672_/B1                  4.0000         4.0179        -0.0179  (VIOLATED)
   _3770_/A2                  4.0000         4.0169        -0.0169  (VIOLATED)
   _3643_/B1                  4.0000         4.0161        -0.0161  (VIOLATED)
   _3941_/A2                  4.0000         4.0151        -0.0151  (VIOLATED)
   _3851_/A2                  4.0000         4.0148        -0.0148  (VIOLATED)
   _3702_/C1                  4.0000         4.0127        -0.0127  (VIOLATED)
   _3568_/ZN                  4.0000         4.0114        -0.0114  (VIOLATED)
   _3890_/C1                  4.0000         4.0052        -0.0052  (VIOLATED)
   _3951_/C1                  4.0000         4.0048        -0.0048  (VIOLATED)


1
