****************************************
Report : clock timing
	-type skew
	-nworst 1
	-setup
Design : caravel
Version: U-2022.12-SP5
Date   : Tue Nov  7 13:30:54 2023
****************************************

  Clock: clk

  Clock Pin                                 Latency   CRP     Skew
----------------------------------------------------------------------------
  chip_core/housekeeping/_7261_/CLK         11.0611                    rp-+
  chip_core/_37535_/CLK                     7.5412   -0.3174  3.2026   rp-+
----------------------------------------------------------------------------

  Clock: hk_serial_clk

  Clock Pin                                 Latency   CRP     Skew
----------------------------------------------------------------------------
  chip_core/_38409_/CLK                     10.6098                    rp-+
  chip_core/_38410_/CLK                     9.0743   -0.7403  0.7953   rp-+
----------------------------------------------------------------------------

  Clock: hk_serial_load

  No local skews.


  Clock: hkspi_clk

  Clock Pin                                 Latency   CRP     Skew
----------------------------------------------------------------------------
  chip_core/housekeeping/_6950_/CLK         5.9254                     rp-+
  chip_core/housekeeping/_7304_/CLK         2.4339   -0.6074  2.8841   rp-+
----------------------------------------------------------------------------

1
