****************************************
Report : clock timing
	-type skew
	-nworst 1
	-setup
Design : caravel
Version: U-2022.12-SP5
Date   : Tue Nov  7 13:46:25 2023
****************************************

  Clock: clk

  Clock Pin                                 Latency   CRP     Skew
----------------------------------------------------------------------------
  chip_core/housekeeping/_7261_/CLK         10.1050                    rp-+
  chip_core/_37535_/CLK                     6.9980   -0.2744  2.8326   rp-+
----------------------------------------------------------------------------

  Clock: hk_serial_clk

  Clock Pin                                 Latency   CRP     Skew
----------------------------------------------------------------------------
  chip_core/_38409_/CLK                     9.4656                     rp-+
  chip_core/_38410_/CLK                     8.3127   -0.6652  0.4878   rp-+
----------------------------------------------------------------------------

  Clock: hk_serial_load

  No local skews.


  Clock: hkspi_clk

  Clock Pin                                 Latency   CRP     Skew
----------------------------------------------------------------------------
  chip_core/housekeeping/_6950_/CLK         5.4715                     rp-+
  chip_core/housekeeping/_7304_/CLK         2.2655   -0.5874  2.6186   rp-+
----------------------------------------------------------------------------

1
