****************************************
Report : constraint
	-all_violators
	-path slack_only
Design : housekeeping
Version: T-2022.03-SP3
Date   : Wed Dec 14 00:37:09 2022
****************************************






   max_transition

                             Required        Actual
   Pin                      Transition     Transition        Slack
   -----------------------------------------------------------------
   _3916_/A2                  4.0000         6.0634        -2.0634  (VIOLATED)
   _3893_/A2                  4.0000         6.0633        -2.0633  (VIOLATED)
   _3684_/A2                  4.0000         6.0633        -2.0633  (VIOLATED)
   _3721_/B1                  4.0000         6.0633        -2.0633  (VIOLATED)
   _3644_/B1                  4.0000         6.0632        -2.0632  (VIOLATED)
   _3586_/C2                  4.0000         6.0632        -2.0632  (VIOLATED)
   _3775_/C1                  4.0000         6.0628        -2.0628  (VIOLATED)
   _3737_/B1                  4.0000         6.0625        -2.0625  (VIOLATED)
   _3558_/ZN                  4.0000         6.0605        -2.0605  (VIOLATED)
   _3637_/C1                  4.0000         5.6918        -1.6918  (VIOLATED)
   _5528_/S                   4.0000         5.6917        -1.6917  (VIOLATED)
   _3789_/B1                  4.0000         5.6916        -1.6916  (VIOLATED)
   _3717_/C2                  4.0000         5.6916        -1.6916  (VIOLATED)
   _3865_/A2                  4.0000         5.6914        -1.6914  (VIOLATED)
   _3748_/C2                  4.0000         5.6914        -1.6914  (VIOLATED)
   _3684_/B1                  4.0000         5.6912        -1.6912  (VIOLATED)
   _3933_/A2                  4.0000         5.6911        -1.6911  (VIOLATED)
   _3618_/ZN                  4.0000         5.6897        -1.6897  (VIOLATED)
   _4218_/S                   4.0000         5.3765        -1.3765  (VIOLATED)
   _4220_/S                   4.0000         5.3576        -1.3576  (VIOLATED)
   _4224_/S                   4.0000         5.3576        -1.3576  (VIOLATED)
   _4222_/S                   4.0000         5.3575        -1.3575  (VIOLATED)
   _4216_/S                   4.0000         5.3574        -1.3574  (VIOLATED)
   _4228_/S                   4.0000         5.3573        -1.3573  (VIOLATED)
   _4214_/S                   4.0000         5.3561        -1.3561  (VIOLATED)
   _4226_/S                   4.0000         5.3555        -1.3555  (VIOLATED)
   _4212_/ZN                  4.0000         5.3519        -1.3519  (VIOLATED)
   _3718_/A2                  4.0000         5.3388        -1.3388  (VIOLATED)
   _3664_/A2                  4.0000         5.3387        -1.3387  (VIOLATED)
   _3731_/A2                  4.0000         5.3386        -1.3386  (VIOLATED)
   _3775_/B1                  4.0000         5.3384        -1.3384  (VIOLATED)
   _3622_/B1                  4.0000         5.3381        -1.3381  (VIOLATED)
   _3913_/A2                  4.0000         5.3378        -1.3378  (VIOLATED)
   _3597_/C1                  4.0000         5.3378        -1.3378  (VIOLATED)
   _3864_/C2                  4.0000         5.3378        -1.3378  (VIOLATED)
   _3561_/ZN                  4.0000         5.3364        -1.3364  (VIOLATED)
   _3891_/C1                  4.0000         5.3007        -1.3007  (VIOLATED)
   _3791_/B1                  4.0000         5.3006        -1.3006  (VIOLATED)
   _5575_/A1                  4.0000         5.3006        -1.3006  (VIOLATED)
   _3928_/A2                  4.0000         5.3006        -1.3006  (VIOLATED)
   _3697_/A2                  4.0000         5.3006        -1.3006  (VIOLATED)
   _3660_/B1                  4.0000         5.3002        -1.3002  (VIOLATED)
   _3741_/B1                  4.0000         5.2950        -1.2950  (VIOLATED)
   _3621_/A2                  4.0000         5.2946        -1.2946  (VIOLATED)
   _3580_/ZN                  4.0000         5.2945        -1.2945  (VIOLATED)
   _3594_/C1                  4.0000         5.2945        -1.2945  (VIOLATED)
   _3623_/B1                  4.0000         5.2219        -1.2219  (VIOLATED)
   _3733_/B1                  4.0000         5.2218        -1.2218  (VIOLATED)
   _3599_/B1                  4.0000         5.2218        -1.2218  (VIOLATED)
   _3881_/A2                  4.0000         5.2215        -1.2215  (VIOLATED)
   _3700_/B1                  4.0000         5.2215        -1.2215  (VIOLATED)
   _3942_/B2                  4.0000         5.2215        -1.2215  (VIOLATED)
   _5683_/A1                  4.0000         5.2214        -1.2214  (VIOLATED)
   _3769_/A2                  4.0000         5.2214        -1.2214  (VIOLATED)
   _3676_/B1                  4.0000         5.2213        -1.2213  (VIOLATED)
   _3567_/ZN                  4.0000         5.2204        -1.2204  (VIOLATED)
   _3698_/B1                  4.0000         5.0837        -1.0837  (VIOLATED)
   _5674_/A1                  4.0000         5.0837        -1.0837  (VIOLATED)
   _3664_/B1                  4.0000         5.0837        -1.0837  (VIOLATED)
   _3603_/C1                  4.0000         5.0836        -1.0836  (VIOLATED)
   _3624_/B1                  4.0000         5.0836        -1.0836  (VIOLATED)
   _3769_/B1                  4.0000         5.0834        -1.0834  (VIOLATED)
   _3735_/B1                  4.0000         5.0833        -1.0833  (VIOLATED)
   _3936_/A2                  4.0000         5.0820        -1.0820  (VIOLATED)
   _3881_/B1                  4.0000         5.0819        -1.0819  (VIOLATED)
   _3569_/ZN                  4.0000         5.0775        -1.0775  (VIOLATED)
   _3598_/C2                  4.0000         5.0442        -1.0442  (VIOLATED)
   _3624_/A2                  4.0000         5.0442        -1.0442  (VIOLATED)
   _5701_/A1                  4.0000         5.0442        -1.0442  (VIOLATED)
   _3738_/C1                  4.0000         5.0441        -1.0441  (VIOLATED)
   _3698_/A2                  4.0000         5.0439        -1.0439  (VIOLATED)
   _3661_/A2                  4.0000         5.0439        -1.0439  (VIOLATED)
   _3774_/C1                  4.0000         5.0438        -1.0438  (VIOLATED)
   _3931_/A2                  4.0000         5.0438        -1.0438  (VIOLATED)
   _3875_/A2                  4.0000         5.0437        -1.0437  (VIOLATED)
   _3556_/ZN                  4.0000         5.0424        -1.0424  (VIOLATED)
   _3859_/C1                  4.0000         4.9924        -0.9924  (VIOLATED)
   _3791_/C1                  4.0000         4.9923        -0.9923  (VIOLATED)
   _3628_/B1                  4.0000         4.9922        -0.9922  (VIOLATED)
   _3925_/A2                  4.0000         4.9922        -0.9922  (VIOLATED)
   _3590_/B1                  4.0000         4.9918        -0.9918  (VIOLATED)
   _3716_/B1                  4.0000         4.9918        -0.9918  (VIOLATED)
   _3741_/C1                  4.0000         4.9917        -0.9917  (VIOLATED)
   _3661_/B1                  4.0000         4.9915        -0.9915  (VIOLATED)
   _3581_/ZN                  4.0000         4.9911        -0.9911  (VIOLATED)
   _3698_/C1                  4.0000         4.9632        -0.9632  (VIOLATED)
   _3670_/B1                  4.0000         4.9631        -0.9631  (VIOLATED)
   _3765_/A2                  4.0000         4.9631        -0.9631  (VIOLATED)
   _3952_/A2                  4.0000         4.9630        -0.9630  (VIOLATED)
   _3879_/B1                  4.0000         4.9627        -0.9627  (VIOLATED)
   _3733_/C1                  4.0000         4.9621        -0.9621  (VIOLATED)
   _3624_/C1                  4.0000         4.9620        -0.9620  (VIOLATED)
   _3599_/C2                  4.0000         4.9617        -0.9617  (VIOLATED)
   _3572_/ZN                  4.0000         4.9609        -0.9609  (VIOLATED)
   _3634_/C1                  4.0000         4.9094        -0.9094  (VIOLATED)
   _3749_/A2                  4.0000         4.9068        -0.9068  (VIOLATED)
   _3771_/A2                  4.0000         4.8969        -0.8969  (VIOLATED)
   _3613_/A2                  4.0000         4.8967        -0.8967  (VIOLATED)
   _3672_/A2                  4.0000         4.8967        -0.8967  (VIOLATED)
   _3717_/B1                  4.0000         4.8967        -0.8967  (VIOLATED)
   _3586_/B1                  4.0000         4.8965        -0.8965  (VIOLATED)
   _3730_/A2                  4.0000         4.8963        -0.8963  (VIOLATED)
   _3850_/A2                  4.0000         4.8940        -0.8940  (VIOLATED)
   _3943_/A2                  4.0000         4.8936        -0.8936  (VIOLATED)
   _3538_/ZN                  4.0000         4.8932        -0.8932  (VIOLATED)
   _3588_/A2                  4.0000         4.8926        -0.8926  (VIOLATED)
   _3716_/A2                  4.0000         4.8925        -0.8925  (VIOLATED)
   _3772_/B1                  4.0000         4.8925        -0.8925  (VIOLATED)
   _3662_/A2                  4.0000         4.8924        -0.8924  (VIOLATED)
   _3848_/A2                  4.0000         4.8923        -0.8923  (VIOLATED)
   _3930_/A2                  4.0000         4.8922        -0.8922  (VIOLATED)
   _3554_/ZN                  4.0000         4.8916        -0.8916  (VIOLATED)
   _3693_/A2                  4.0000         4.8484        -0.8484  (VIOLATED)
   _3782_/B1                  4.0000         4.8483        -0.8483  (VIOLATED)
   _5638_/A1                  4.0000         4.8482        -0.8482  (VIOLATED)
   _3604_/B1                  4.0000         4.8481        -0.8481  (VIOLATED)
   _3682_/A2                  4.0000         4.8478        -0.8478  (VIOLATED)
   _3627_/A2                  4.0000         4.8478        -0.8478  (VIOLATED)
   _3952_/B1                  4.0000         4.8473        -0.8473  (VIOLATED)
   _3856_/B1                  4.0000         4.8468        -0.8468  (VIOLATED)
   _3750_/B1                  4.0000         4.8465        -0.8465  (VIOLATED)
   _3576_/ZN                  4.0000         4.8458        -0.8458  (VIOLATED)
   _3637_/B1                  4.0000         4.8190        -0.8190  (VIOLATED)
   _3735_/A2                  4.0000         4.8188        -0.8188  (VIOLATED)
   _3923_/C1                  4.0000         4.8070        -0.8070  (VIOLATED)
   _3867_/A2                  4.0000         4.8070        -0.8070  (VIOLATED)
   _3668_/A2                  4.0000         4.8070        -0.8070  (VIOLATED)
   _3714_/B1                  4.0000         4.8070        -0.8070  (VIOLATED)
   _3783_/C1                  4.0000         4.8069        -0.8069  (VIOLATED)
   _3603_/A2                  4.0000         4.8054        -0.8054  (VIOLATED)
   _3892_/A2                  4.0000         4.8053        -0.8053  (VIOLATED)
   _3917_/A2                  4.0000         4.8053        -0.8053  (VIOLATED)
   _3775_/A2                  4.0000         4.8052        -0.8052  (VIOLATED)
   _3720_/A2                  4.0000         4.8052        -0.8052  (VIOLATED)
   _3676_/A2                  4.0000         4.8052        -0.8052  (VIOLATED)
   _3626_/B1                  4.0000         4.8051        -0.8051  (VIOLATED)
   _3741_/A2                  4.0000         4.8050        -0.8050  (VIOLATED)
   _3605_/A2                  4.0000         4.8049        -0.8049  (VIOLATED)
   _3551_/ZN                  4.0000         4.8047        -0.8047  (VIOLATED)
   _3559_/ZN                  4.0000         4.8043        -0.8043  (VIOLATED)
   _3870_/B1                  4.0000         4.7973        -0.7973  (VIOLATED)
   _3635_/B1                  4.0000         4.7942        -0.7942  (VIOLATED)
   _3748_/B1                  4.0000         4.7917        -0.7917  (VIOLATED)
   _3677_/C1                  4.0000         4.7911        -0.7911  (VIOLATED)
   _3947_/A2                  4.0000         4.7815        -0.7815  (VIOLATED)
   _3720_/B1                  4.0000         4.7814        -0.7814  (VIOLATED)
   _3788_/B1                  4.0000         4.7814        -0.7814  (VIOLATED)
   _3598_/B1                  4.0000         4.7814        -0.7814  (VIOLATED)
   _3577_/ZN                  4.0000         4.7808        -0.7808  (VIOLATED)
   _3752_/A2                  4.0000         4.7803        -0.7803  (VIOLATED)
   _3710_/A2                  4.0000         4.7801        -0.7801  (VIOLATED)
   _3923_/A2                  4.0000         4.7801        -0.7801  (VIOLATED)
   _3863_/A2                  4.0000         4.7797        -0.7797  (VIOLATED)
   _3671_/A2                  4.0000         4.7796        -0.7796  (VIOLATED)
   _3633_/A2                  4.0000         4.7779        -0.7779  (VIOLATED)
   _3514_/A2                  4.0000         4.7777        -0.7777  (VIOLATED)
   _3781_/A2                  4.0000         4.7776        -0.7776  (VIOLATED)
   _3513_/ZN                  4.0000         4.7766        -0.7766  (VIOLATED)
   _3696_/A2                  4.0000         4.7671        -0.7671  (VIOLATED)
   _3934_/A2                  4.0000         4.7670        -0.7670  (VIOLATED)
   _3665_/A2                  4.0000         4.7670        -0.7670  (VIOLATED)
   _3877_/A2                  4.0000         4.7668        -0.7668  (VIOLATED)
   _3789_/A2                  4.0000         4.7667        -0.7667  (VIOLATED)
   _3750_/A2                  4.0000         4.7649        -0.7649  (VIOLATED)
   _3644_/A2                  4.0000         4.7649        -0.7649  (VIOLATED)
   _3599_/A2                  4.0000         4.7644        -0.7644  (VIOLATED)
   _3531_/ZN                  4.0000         4.7638        -0.7638  (VIOLATED)
   _3623_/A2                  4.0000         4.7473        -0.7473  (VIOLATED)
   _3603_/B1                  4.0000         4.7473        -0.7473  (VIOLATED)
   _3749_/B1                  4.0000         4.7471        -0.7471  (VIOLATED)
   _3788_/A2                  4.0000         4.7470        -0.7470  (VIOLATED)
   _3675_/B1                  4.0000         4.7469        -0.7469  (VIOLATED)
   _3695_/A2                  4.0000         4.7468        -0.7468  (VIOLATED)
   _5758_/A1                  4.0000         4.7447        -0.7447  (VIOLATED)
   _3954_/A2                  4.0000         4.7436        -0.7436  (VIOLATED)
   _3792_/A2                  4.0000         4.7436        -0.7436  (VIOLATED)
   _3888_/A2                  4.0000         4.7435        -0.7435  (VIOLATED)
   _3712_/A2                  4.0000         4.7435        -0.7435  (VIOLATED)
   _3870_/A2                  4.0000         4.7431        -0.7431  (VIOLATED)
   _3665_/B1                  4.0000         4.7431        -0.7431  (VIOLATED)
   _3914_/A2                  4.0000         4.7428        -0.7428  (VIOLATED)
   _3563_/ZN                  4.0000         4.7425        -0.7425  (VIOLATED)
   _3631_/B1                  4.0000         4.7414        -0.7414  (VIOLATED)
   _3740_/C1                  4.0000         4.7413        -0.7413  (VIOLATED)
   _3595_/A2                  4.0000         4.7411        -0.7411  (VIOLATED)
   _3539_/ZN                  4.0000         4.7409        -0.7409  (VIOLATED)
   _3623_/C2                  4.0000         4.7089        -0.7089  (VIOLATED)
   _3586_/A2                  4.0000         4.7089        -0.7089  (VIOLATED)
   _3717_/A2                  4.0000         4.7089        -0.7089  (VIOLATED)
   _3774_/A2                  4.0000         4.7089        -0.7089  (VIOLATED)
   _3666_/A2                  4.0000         4.7089        -0.7089  (VIOLATED)
   _3935_/A2                  4.0000         4.7078        -0.7078  (VIOLATED)
   _3882_/A2                  4.0000         4.7078        -0.7078  (VIOLATED)
   _3737_/A2                  4.0000         4.7077        -0.7077  (VIOLATED)
   _3528_/ZN                  4.0000         4.7075        -0.7075  (VIOLATED)
   _3957_/A2                  4.0000         4.6949        -0.6949  (VIOLATED)
   _3705_/A2                  4.0000         4.6948        -0.6948  (VIOLATED)
   _3685_/A2                  4.0000         4.6948        -0.6948  (VIOLATED)
   _3862_/A2                  4.0000         4.6947        -0.6947  (VIOLATED)
   _3640_/A2                  4.0000         4.6938        -0.6938  (VIOLATED)
   _3594_/A2                  4.0000         4.6938        -0.6938  (VIOLATED)
   _3744_/A2                  4.0000         4.6937        -0.6937  (VIOLATED)
   _3781_/B1                  4.0000         4.6935        -0.6935  (VIOLATED)
   _3524_/ZN                  4.0000         4.6930        -0.6930  (VIOLATED)
   _4197_/S                   4.0000         4.6515        -0.6515  (VIOLATED)
   _4199_/S                   4.0000         4.6515        -0.6515  (VIOLATED)
   _4201_/S                   4.0000         4.6514        -0.6514  (VIOLATED)
   _4203_/S                   4.0000         4.6514        -0.6514  (VIOLATED)
   _4211_/S                   4.0000         4.6505        -0.6505  (VIOLATED)
   _4205_/S                   4.0000         4.6504        -0.6504  (VIOLATED)
   _4209_/S                   4.0000         4.6504        -0.6504  (VIOLATED)
   _4207_/S                   4.0000         4.6503        -0.6503  (VIOLATED)
   _4195_/ZN                  4.0000         4.6496        -0.6496  (VIOLATED)
   _3718_/B1                  4.0000         4.6107        -0.6107  (VIOLATED)
   _3659_/A2                  4.0000         4.6106        -0.6106  (VIOLATED)
   _3771_/B1                  4.0000         4.6106        -0.6106  (VIOLATED)
   _3879_/A2                  4.0000         4.6104        -0.6104  (VIOLATED)
   _3730_/B1                  4.0000         4.6103        -0.6103  (VIOLATED)
   _3636_/C1                  4.0000         4.6103        -0.6103  (VIOLATED)
   _3945_/B1                  4.0000         4.6103        -0.6103  (VIOLATED)
   _3600_/B1                  4.0000         4.6102        -0.6102  (VIOLATED)
   _3564_/ZN                  4.0000         4.6086        -0.6086  (VIOLATED)
   _3622_/C1                  4.0000         4.5844        -0.5844  (VIOLATED)
   _3912_/B1                  4.0000         4.5844        -0.5844  (VIOLATED)
   _3874_/A2                  4.0000         4.5843        -0.5843  (VIOLATED)
   _3588_/B1                  4.0000         4.5843        -0.5843  (VIOLATED)
   _3769_/C1                  4.0000         4.5843        -0.5843  (VIOLATED)
   _3749_/C1                  4.0000         4.5843        -0.5843  (VIOLATED)
   _3788_/C1                  4.0000         4.5842        -0.5842  (VIOLATED)
   _3737_/C1                  4.0000         4.5842        -0.5842  (VIOLATED)
   _3685_/B1                  4.0000         4.5840        -0.5840  (VIOLATED)
   _3682_/B1                  4.0000         4.5840        -0.5840  (VIOLATED)
   _3699_/A2                  4.0000         4.5838        -0.5838  (VIOLATED)
   _3681_/ZN                  4.0000         4.5835        -0.5835  (VIOLATED)
   _3883_/C1                  4.0000         4.5825        -0.5825  (VIOLATED)
   _3941_/B1                  4.0000         4.5821        -0.5821  (VIOLATED)
   _3721_/C2                  4.0000         4.5818        -0.5818  (VIOLATED)
   _3571_/ZN                  4.0000         4.5817        -0.5817  (VIOLATED)
   _3951_/C1                  4.0000         4.5721        -0.5721  (VIOLATED)
   _3706_/B1                  4.0000         4.5720        -0.5720  (VIOLATED)
   _3890_/C1                  4.0000         4.5719        -0.5719  (VIOLATED)
   _3658_/A2                  4.0000         4.5718        -0.5718  (VIOLATED)
   _3626_/C1                  4.0000         4.5707        -0.5707  (VIOLATED)
   _3604_/A2                  4.0000         4.5707        -0.5707  (VIOLATED)
   _3755_/C2                  4.0000         4.5706        -0.5706  (VIOLATED)
   _3782_/C1                  4.0000         4.5704        -0.5704  (VIOLATED)
   _3573_/ZN                  4.0000         4.5701        -0.5701  (VIOLATED)
   _3702_/C1                  4.0000         4.5563        -0.5563  (VIOLATED)
   _3770_/A2                  4.0000         4.5518        -0.5518  (VIOLATED)
   _3643_/B1                  4.0000         4.5502        -0.5502  (VIOLATED)
   _3672_/B1                  4.0000         4.5423        -0.5423  (VIOLATED)
   _3851_/A2                  4.0000         4.5423        -0.5423  (VIOLATED)
   _3941_/A2                  4.0000         4.5422        -0.5422  (VIOLATED)
   _3598_/A2                  4.0000         4.5422        -0.5422  (VIOLATED)
   _3756_/B1                  4.0000         4.5420        -0.5420  (VIOLATED)
   _3568_/ZN                  4.0000         4.5414        -0.5414  (VIOLATED)
   _3656_/B1                  4.0000         4.5356        -0.5356  (VIOLATED)
   _3872_/B1                  4.0000         4.5355        -0.5355  (VIOLATED)
   _3700_/A2                  4.0000         4.5354        -0.5354  (VIOLATED)
   _3597_/B1                  4.0000         4.5352        -0.5352  (VIOLATED)
   _3945_/C2                  4.0000         4.5350        -0.5350  (VIOLATED)
   _3756_/A2                  4.0000         4.5342        -0.5342  (VIOLATED)
   _3643_/A2                  4.0000         4.5341        -0.5341  (VIOLATED)
   _3774_/B1                  4.0000         4.5340        -0.5340  (VIOLATED)
   _3548_/ZN                  4.0000         4.5331        -0.5331  (VIOLATED)
   _3951_/B1                  4.0000         4.5052        -0.5052  (VIOLATED)
   _3856_/C1                  4.0000         4.5051        -0.5051  (VIOLATED)
   _3671_/B1                  4.0000         4.5051        -0.5051  (VIOLATED)
   _3783_/A2                  4.0000         4.5050        -0.5050  (VIOLATED)
   _5665_/A1                  4.0000         4.5050        -0.5050  (VIOLATED)
   _3714_/A2                  4.0000         4.5050        -0.5050  (VIOLATED)
   _3639_/B1                  4.0000         4.5038        -0.5038  (VIOLATED)
   _3590_/C1                  4.0000         4.5037        -0.5037  (VIOLATED)
   _3745_/B1                  4.0000         4.5034        -0.5034  (VIOLATED)
   _3557_/ZN                  4.0000         4.5018        -0.5018  (VIOLATED)
   _3662_/B1                  4.0000         4.4970        -0.4970  (VIOLATED)
   _3779_/A2                  4.0000         4.4969        -0.4969  (VIOLATED)
   _3593_/B1                  4.0000         4.4968        -0.4968  (VIOLATED)
   _3704_/B1                  4.0000         4.4967        -0.4967  (VIOLATED)
   _3901_/A2                  4.0000         4.4966        -0.4966  (VIOLATED)
   _3640_/B1                  4.0000         4.4966        -0.4966  (VIOLATED)
   _3823_/A2                  4.0000         4.4964        -0.4964  (VIOLATED)
   _3746_/B1                  4.0000         4.4962        -0.4962  (VIOLATED)
   _3565_/ZN                  4.0000         4.4941        -0.4941  (VIOLATED)
   _4237_/S                   4.0000         4.4214        -0.4214  (VIOLATED)
   _4231_/S                   4.0000         4.4214        -0.4214  (VIOLATED)
   _4243_/S                   4.0000         4.4213        -0.4213  (VIOLATED)
   _4235_/S                   4.0000         4.4213        -0.4213  (VIOLATED)
   _4233_/S                   4.0000         4.4213        -0.4213  (VIOLATED)
   _4239_/S                   4.0000         4.4213        -0.4213  (VIOLATED)
   _4245_/S                   4.0000         4.4206        -0.4206  (VIOLATED)
   _4241_/S                   4.0000         4.4196        -0.4196  (VIOLATED)
   _4229_/ZN                  4.0000         4.4194        -0.4194  (VIOLATED)
   _3772_/A2                  4.0000         4.3914        -0.3914  (VIOLATED)
   _3634_/A2                  4.0000         4.3761        -0.3761  (VIOLATED)
   _3585_/A2                  4.0000         4.3761        -0.3761  (VIOLATED)
   _3655_/A2                  4.0000         4.3758        -0.3758  (VIOLATED)
   _3736_/A2                  4.0000         4.3758        -0.3758  (VIOLATED)
   _3852_/A2                  4.0000         4.3757        -0.3757  (VIOLATED)
   _3702_/A2                  4.0000         4.3757        -0.3757  (VIOLATED)
   _3912_/A2                  4.0000         4.3757        -0.3757  (VIOLATED)
   _3516_/ZN                  4.0000         4.3755        -0.3755  (VIOLATED)
   _3785_/A2                  4.0000         4.3675        -0.3675  (VIOLATED)
   _3593_/A2                  4.0000         4.3674        -0.3674  (VIOLATED)
   _3631_/A2                  4.0000         4.3672        -0.3672  (VIOLATED)
   _3740_/A2                  4.0000         4.3666        -0.3666  (VIOLATED)
   _3660_/A2                  4.0000         4.3665        -0.3665  (VIOLATED)
   _3710_/B1                  4.0000         4.3647        -0.3647  (VIOLATED)
   _3910_/A2                  4.0000         4.3638        -0.3638  (VIOLATED)
   _3859_/A2                  4.0000         4.3619        -0.3619  (VIOLATED)
   _3522_/ZN                  4.0000         4.3606        -0.3606  (VIOLATED)
   _3711_/B1                  4.0000         4.3533        -0.3533  (VIOLATED)
   _3793_/B1                  4.0000         4.3532        -0.3532  (VIOLATED)
   _3924_/A2                  4.0000         4.3532        -0.3532  (VIOLATED)
   _3658_/B1                  4.0000         4.3531        -0.3531  (VIOLATED)
   _3861_/C1                  4.0000         4.3525        -0.3525  (VIOLATED)
   _3743_/B1                  4.0000         4.3518        -0.3518  (VIOLATED)
   _3641_/B1                  4.0000         4.3518        -0.3518  (VIOLATED)
   _3583_/A2                  4.0000         4.3515        -0.3515  (VIOLATED)
   _3582_/ZN                  4.0000         4.3508        -0.3508  (VIOLATED)
   _3631_/C2                  4.0000         4.3140        -0.3140  (VIOLATED)
   _3729_/A2                  4.0000         4.3140        -0.3140  (VIOLATED)
   _3602_/B1                  4.0000         4.3140        -0.3140  (VIOLATED)
   _3780_/B1                  4.0000         4.3140        -0.3140  (VIOLATED)
   _3650_/C1                  4.0000         4.3139        -0.3139  (VIOLATED)
   _3955_/A2                  4.0000         4.3138        -0.3138  (VIOLATED)
   _3861_/B1                  4.0000         4.3137        -0.3137  (VIOLATED)
   _3709_/B1                  4.0000         4.3136        -0.3136  (VIOLATED)
   _3550_/ZN                  4.0000         4.3134        -0.3134  (VIOLATED)
   _3733_/A2                  4.0000         4.3123        -0.3123  (VIOLATED)
   _3779_/B1                  4.0000         4.3002        -0.3002  (VIOLATED)
   _3659_/B1                  4.0000         4.3002        -0.3002  (VIOLATED)
   _3575_/A2                  4.0000         4.3002        -0.3002  (VIOLATED)
   _3629_/B1                  4.0000         4.3002        -0.3002  (VIOLATED)
   _3694_/A2                  4.0000         4.3001        -0.3001  (VIOLATED)
   _3743_/A2                  4.0000         4.2998        -0.2998  (VIOLATED)
   _3845_/A2                  4.0000         4.2994        -0.2994  (VIOLATED)
   _3927_/B1                  4.0000         4.2992        -0.2992  (VIOLATED)
   _3636_/A2                  4.0000         4.2992        -0.2992  (VIOLATED)
   _3584_/A2                  4.0000         4.2991        -0.2991  (VIOLATED)
   _3787_/A2                  4.0000         4.2991        -0.2991  (VIOLATED)
   _3909_/A2                  4.0000         4.2991        -0.2991  (VIOLATED)
   _3722_/A2                  4.0000         4.2990        -0.2990  (VIOLATED)
   _3854_/A2                  4.0000         4.2990        -0.2990  (VIOLATED)
   _3650_/A2                  4.0000         4.2990        -0.2990  (VIOLATED)
   _3574_/ZN                  4.0000         4.2989        -0.2989  (VIOLATED)
   _3506_/ZN                  4.0000         4.2980        -0.2980  (VIOLATED)
   _3709_/C2                  4.0000         4.2955        -0.2955  (VIOLATED)
   _3651_/A2                  4.0000         4.2954        -0.2954  (VIOLATED)
   _3959_/C1                  4.0000         4.2954        -0.2954  (VIOLATED)
   _3785_/B1                  4.0000         4.2954        -0.2954  (VIOLATED)
   _3863_/B1                  4.0000         4.2953        -0.2953  (VIOLATED)
   _3746_/A2                  4.0000         4.2946        -0.2946  (VIOLATED)
   _3626_/A2                  4.0000         4.2945        -0.2945  (VIOLATED)
   _3585_/B1                  4.0000         4.2945        -0.2945  (VIOLATED)
   _3545_/ZN                  4.0000         4.2930        -0.2930  (VIOLATED)
   _3668_/B1                  4.0000         4.2844        -0.2844  (VIOLATED)
   _3781_/C1                  4.0000         4.2844        -0.2844  (VIOLATED)
   _3605_/B1                  4.0000         4.2842        -0.2842  (VIOLATED)
   _3629_/A2                  4.0000         4.2842        -0.2842  (VIOLATED)
   _3710_/C1                  4.0000         4.2839        -0.2839  (VIOLATED)
   _3888_/B1                  4.0000         4.2829        -0.2829  (VIOLATED)
   _3956_/A2                  4.0000         4.2829        -0.2829  (VIOLATED)
   _3755_/B1                  4.0000         4.2828        -0.2828  (VIOLATED)
   _3570_/ZN                  4.0000         4.2823        -0.2823  (VIOLATED)
   _3891_/A2                  4.0000         4.2803        -0.2803  (VIOLATED)
   _3952_/C2                  4.0000         4.2803        -0.2803  (VIOLATED)
   _3620_/A2                  4.0000         4.2803        -0.2803  (VIOLATED)
   _5584_/A1                  4.0000         4.2802        -0.2802  (VIOLATED)
   _3791_/A2                  4.0000         4.2802        -0.2802  (VIOLATED)
   _3669_/A2                  4.0000         4.2802        -0.2802  (VIOLATED)
   _3706_/A2                  4.0000         4.2801        -0.2801  (VIOLATED)
   _3755_/A2                  4.0000         4.2763        -0.2763  (VIOLATED)
   _3510_/ZN                  4.0000         4.2760        -0.2760  (VIOLATED)
   _3602_/C2                  4.0000         4.2759        -0.2759  (VIOLATED)
   _3736_/B1                  4.0000         4.2417        -0.2417  (VIOLATED)
   _3948_/B1                  4.0000         4.2409        -0.2409  (VIOLATED)
   _4194_/A1                  4.0000         4.2409        -0.2409  (VIOLATED)
   _3702_/B1                  4.0000         4.2293        -0.2293  (VIOLATED)
   _3883_/A2                  4.0000         4.2293        -0.2293  (VIOLATED)
   _3763_/A2                  4.0000         4.2292        -0.2292  (VIOLATED)
   _3584_/C1                  4.0000         4.2290        -0.2290  (VIOLATED)
   _3650_/B1                  4.0000         4.2290        -0.2290  (VIOLATED)
   _3637_/A2                  4.0000         4.2290        -0.2290  (VIOLATED)
   _3549_/ZN                  4.0000         4.2287        -0.2287  (VIOLATED)
   _3767_/A2                  4.0000         4.2194        -0.2194  (VIOLATED)
   _3595_/B1                  4.0000         4.2194        -0.2194  (VIOLATED)
   _3641_/A2                  4.0000         4.2192        -0.2192  (VIOLATED)
   _3744_/B1                  4.0000         4.2191        -0.2191  (VIOLATED)
   _3670_/A2                  4.0000         4.2185        -0.2185  (VIOLATED)
   _3711_/C1                  4.0000         4.2178        -0.2178  (VIOLATED)
   _3927_/A2                  4.0000         4.2165        -0.2165  (VIOLATED)
   _3858_/A2                  4.0000         4.2159        -0.2159  (VIOLATED)
   _3562_/ZN                  4.0000         4.2140        -0.2140  (VIOLATED)
   _3430_/I1                  4.0000         4.1845        -0.1845  (VIOLATED)
   _3907_/A2                  4.0000         4.1838        -0.1838  (VIOLATED)
   _3666_/B1                  4.0000         4.1823        -0.1823  (VIOLATED)
   _3782_/A2                  4.0000         4.1823        -0.1823  (VIOLATED)
   _5656_/A1                  4.0000         4.1822        -0.1822  (VIOLATED)
   _3590_/A2                  4.0000         4.1822        -0.1822  (VIOLATED)
   _3639_/C2                  4.0000         4.1821        -0.1821  (VIOLATED)
   _3711_/A2                  4.0000         4.1815        -0.1815  (VIOLATED)
   _4041_/A2                  4.0000         4.1805        -0.1805  (VIOLATED)
   _3959_/A2                  4.0000         4.1805        -0.1805  (VIOLATED)
   _3856_/A2                  4.0000         4.1804        -0.1804  (VIOLATED)
   _3752_/C1                  4.0000         4.1803        -0.1803  (VIOLATED)
   _3464_/A1                  4.0000         4.1801        -0.1801  (VIOLATED)
   _3530_/ZN                  4.0000         4.1800        -0.1800  (VIOLATED)
   _3463_/I0                  4.0000         4.1783        -0.1783  (VIOLATED)
   _3295_/I                   4.0000         4.1767        -0.1767  (VIOLATED)
   _7283_/Q                   4.0000         4.1758        -0.1758  (VIOLATED)
   _3740_/B1                  4.0000         4.1494        -0.1494  (VIOLATED)
   _3594_/B1                  4.0000         4.1493        -0.1493  (VIOLATED)
   _3927_/C2                  4.0000         4.1493        -0.1493  (VIOLATED)
   _3627_/C2                  4.0000         4.1490        -0.1490  (VIOLATED)
   _3704_/C2                  4.0000         4.1490        -0.1490  (VIOLATED)
   _3766_/A2                  4.0000         4.1490        -0.1490  (VIOLATED)
   _3678_/A2                  4.0000         4.1490        -0.1490  (VIOLATED)
   _3858_/C2                  4.0000         4.1489        -0.1489  (VIOLATED)
   _3536_/ZN                  4.0000         4.1484        -0.1484  (VIOLATED)
   _3754_/A2                  4.0000         4.0564        -0.0564  (VIOLATED)
   _3951_/A2                  4.0000         4.0564        -0.0564  (VIOLATED)
   _3704_/A2                  4.0000         4.0563        -0.0563  (VIOLATED)
   _3678_/B1                  4.0000         4.0562        -0.0562  (VIOLATED)
   _3793_/A2                  4.0000         4.0561        -0.0561  (VIOLATED)
   _3591_/A2                  4.0000         4.0560        -0.0560  (VIOLATED)
   _3890_/A2                  4.0000         4.0559        -0.0559  (VIOLATED)
   _3639_/A2                  4.0000         4.0512        -0.0512  (VIOLATED)
   _3555_/ZN                  4.0000         4.0504        -0.0504  (VIOLATED)


1
